// Jest Snapshot v1, https://goo.gl/fbAQLP

exports[`should match the component 1`] = `
<header
  className="MuiPaper-root MuiPaper-elevation4 MuiAppBar-root MuiAppBar-positionStatic MuiAppBar-colorPrimary"
  style={
    Object {
      "backgroundColor": "black",
    }
  }
>
  <div
    className="MuiToolbar-root MuiToolbar-regular MuiToolbar-gutters"
  >
    <h6
      className="MuiTypography-root title MuiTypography-h6"
    >
      Applotify
    </h6>
  </div>
</header>
`;
