// Jest Snapshot v1, https://goo.gl/fbAQLP

exports[`should start with a playlist box 1`] = `
<div
  style={
    Object {
      "opacity": 0,
    }
  }
>
  <div
    className="MuiPaper-root MuiPaper-elevation1 MuiCard-root card playlist MuiPaper-rounded"
    onClick={[Function]}
  >
    <div
      className="heightFix"
    >
      <img
        className="media"
        src="test.com"
      />
    </div>
    <button
      className="MuiButtonBase-root MuiCardActionArea-root"
      disabled={false}
      onBlur={[Function]}
      onDragLeave={[Function]}
      onFocus={[Function]}
      onKeyDown={[Function]}
      onKeyUp={[Function]}
      onMouseDown={[Function]}
      onMouseLeave={[Function]}
      onMouseUp={[Function]}
      onTouchEnd={[Function]}
      onTouchMove={[Function]}
      onTouchStart={[Function]}
      tabIndex={0}
      type="button"
    >
      <div
        className="MuiCardContent-root details"
      >
        <h2
          className="MuiTypography-root MuiTypography-h5 MuiTypography-gutterBottom"
        >
          Test
        </h2>
        <p
          className="MuiTypography-root MuiTypography-body2 MuiTypography-colorTextSecondary"
        >
          10 tracks available
        </p>
      </div>
      <span
        className="MuiCardActionArea-focusHighlight"
      />
    </button>
  </div>
</div>
`;
